4lpv73iykswp9e3nppi3jw2qggm5dfz29yy9nzpq
OK
0 4 13
