4lpv73iykswp9e3nppi3jw2qggm5dfz29yy9nzpq
OK
1520966 0 0 0 20922 69708 15240 91107 0 78774
