4lpv73iykswp9e3nppi3jw2qggm5dfz29yy9nzpq
OK
0 19101 26929 344 1231 263 14968 1 1 46 40142 17 1735 9520 7 1 31323 8307 2 5 16804 87522 84360 5468 1645 21 93788 4 28177 158016 2 1 1350 17506 5 36 1985 42978 24123 73 114 230034 248401 11263 290026 4671 44 3 8982 299 452 15 2619 9 7 6259 68282 104034 177 27248 658 75508 90024 172 543 54536 2021 12297 4539 66840 2 7278 2 17077 64993 92040 93564 71149 1358 668 5850 14788 5850 4 110 2 4284 1753 3 82448 93522 52987 18 94733 109117 11754 62260 87849 0 31650
