4lpv73iykswp9e3nppi3jw2qggm5dfz29yy9nzpq
OK
11 208 51 41 11 1 3 108 143 14
