f39eb8f7-7d10-4b4a-af02-d7aef3d4dd0a
OK
19659
19658
19659
19659
19663
19659
19663
19659
19658
19658
19661
19658
19660
19662
19662
19658
19662
19660
19660
19659
19660
19659
19663
19661
19658
19660
19659
19661
19661
19658
19659
19659
19659
19658
19660
19661
19661
19659
19660
19661
19658
19660
19663
19661
19661
19661
19658
19658
19661
19658
19662
19660
19659
19663
19659
19660
19663
19663
19663
19659
19663
19661
19661
19659
19659
19660
19661
19660
19658
19658
19663
19659
19658
