f39eb8f7-7d10-4b4a-af02-d7aef3d4dd0a
OK
39587
30381
39585
39782
39776
38713
30375
30372
38709
38707
25745
21992
39585
25747
22787
23130
28784
37734
23126
39584
21989
37731
23129
25739
25740
39581
25739
25743
23132
37730
22784
39775
23135
21994
30373
30377
25738
25740
39773
39775
22784
39581
21993
39590
22785
30378
39588
22786
39776
21998
23128
22782
39583
37733
23134
23129
28784
22789
37731
30375
21990
21994
39584
28782
37732
30381
37728
38707
23128
39583
30381
25741
28778
39778
37726
23134
28782
39775
21992
39587
30378
39774
22788
38706
23126
21993
