f39eb8f7-7d10-4b4a-af02-d7aef3d4dd0a
OK
7992
3684
3761
1617
8916
92
736
348
6273
63
113
637
83
648
131
242
42
467
54
76
755
225
6606
406
7559
1112
49
1411
5462
7112
359
3494
586
8880
4130
835
754
4004
120
8010
2458
3495
507
49
26
2624
4822
4229
58
264
657
81
656
119
1867
8231
54
10050
307
251
494
86
590
3820
891
331
9939
241
2201
211
5837
9861
67
9979
41
2524
8164
258
9309
9604
337
588
437
98
30
4237
1721
9026
8272
4301
5753
267
119
517
543
4382
9857
56
83
48
