f39eb8f7-7d10-4b4a-af02-d7aef3d4dd0a
OK
52719
67129
59750
66538
53093
63102
57652
28016
46641
62082
85963
65115
73771
61010
61401
65872
54147
47937
73083
66786
35930
57881
64963
64841
74820
21746
68255
59177
98803
71062
53051
62505
64403
47017
28540
54245
66274
53455
64550
53855
67980
44220
49543
52410
53450
92806
82543
61798
44709
62505
87610
66806
41582
93756
56451
23812
36107
58124
39105
65011
74460
48846
25650
20757
59253
58748
49343
55110
75043
61198
65332
68959
87674
39190
27008
42078
58558
60769
65208
36776
47475
68873
59759
53524
58420
54338
50283
26307
65253
43411
62513
63112
66864
48159
61024
80208
43112
61187
44172
46251
