f39eb8f7-7d10-4b4a-af02-d7aef3d4dd0a
OK
59385
59377
57130
26938
59390
59398
59407
59378
59380
59407
57130
59405
57130
59404
57129
59393
59295
42277
59535
59380
59409
26577
59392
34492
57130
57130
59409
59395
59393
53055
59510
59398
59602
57130
59407
59377
59389
59385
38973
34594
59400
59400
59390
59378
59399
59399
59385
58246
59396
64986
59385
64986
59405
57130
59397
39199
59385
59622
59397
51695
57129
59380
41275
59394
59385
59548
60029
54893
59406
57129
59388
32547
59409
59403
57129
59400
59375
59435
59402
41354
59450
59437
64577
59344
59768
59392
57129
66122
59469
59403
59514
59391
57887
48235
59404
57130
59397
57129
55264
59383
