f39eb8f7-7d10-4b4a-af02-d7aef3d4dd0a
OK
73187
61182
61152
90223
63019
61183
89591
36034
61148
61151
61189
55286
61173
39089
76739
68902
64578
63029
36027
61148
48847
27816
36041
61179
50918
71528
36033
49825
55276
65010
36110
27787
76640
55989
27808
64645
55806
43498
64573
61150
70180
73109
36095
61021
36091
73076
61185
36103
51231
73120
61189
61145
61172
36111
90196
41645
73113
51223
53206
39579
73187
44686
73126
36063
56392
39138
55298
61159
62998
62058
61162
63039
56189
73187
61182
61171
36135
78723
61143
59594
73956
27799
74620
36103
36116
47335
36127
61194
90117
59754
55263
70104
55295
61162
55339
61182
63054
61158
61146
27840
